exported
 ├─> database
 │   ├── collection.json
 │   ├── collection1.json
 │   ├── collection2.json
 │   └── collection3.json
 └─> DB
     ├── COLLECTIONA.json
     ├── COLLECTIONB.json
     ├── COLLECTION_C.json
     └── COLLECTION_D.json